Analysis & Elaboration report for VGA
Mon Sep 30 22:11:11 2024
Quartus Prime Version 20.1.1 Build 720 11/11/2020 SJ Lite Edition


---------------------
; Table of Contents ;
---------------------
  1. Legal Notice
  2. Analysis & Elaboration Summary
  3. Parallel Compilation
  4. Parameter Settings for User Entity Instance: vgaController:vgaCont
  5. Analysis & Elaboration Settings
  6. Port Connectivity Checks: "Button_debounce:debounce_B"
  7. Port Connectivity Checks: "Button_debounce:debounce_I"
  8. Port Connectivity Checks: "videoGen:vgagen"
  9. Analysis & Elaboration Messages
 10. Analysis & Elaboration Suppressed Messages



----------------
; Legal Notice ;
----------------
Copyright (C) 2020  Intel Corporation. All rights reserved.
Your use of Intel Corporation's design tools, logic functions 
and other software and tools, and any partner logic 
functions, and any output files from any of the foregoing 
(including device programming or simulation files), and any 
associated documentation or information are expressly subject 
to the terms and conditions of the Intel Program License 
Subscription Agreement, the Intel Quartus Prime License Agreement,
the Intel FPGA IP License Agreement, or other applicable license
agreement, including, without limitation, that your use is for
the sole purpose of programming logic devices manufactured by
Intel and sold by Intel or its authorized distributors.  Please
refer to the applicable agreement for further details, at
https://fpgasoftware.intel.com/eula.



+-----------------------------------------------------------------------------+
; Analysis & Elaboration Summary                                              ;
+-------------------------------+---------------------------------------------+
; Analysis & Elaboration Status ; Successful - Mon Sep 30 22:11:11 2024       ;
; Quartus Prime Version         ; 20.1.1 Build 720 11/11/2020 SJ Lite Edition ;
; Revision Name                 ; VGA                                         ;
; Top-level Entity Name         ; toplevel_tic_tac_toe                        ;
; Family                        ; Cyclone V                                   ;
; Logic utilization (in ALMs)   ; N/A until Partition Merge                   ;
; Total registers               ; N/A until Partition Merge                   ;
; Total pins                    ; N/A until Partition Merge                   ;
; Total virtual pins            ; N/A until Partition Merge                   ;
; Total block memory bits       ; N/A until Partition Merge                   ;
; Total PLLs                    ; N/A until Partition Merge                   ;
; Total DLLs                    ; N/A until Partition Merge                   ;
+-------------------------------+---------------------------------------------+


+------------------------------------------+
; Parallel Compilation                     ;
+----------------------------+-------------+
; Processors                 ; Number      ;
+----------------------------+-------------+
; Number detected on machine ; 4           ;
; Maximum allowed            ; 2           ;
;                            ;             ;
; Average used               ; 1.00        ;
; Maximum used               ; 1           ;
;                            ;             ;
; Usage by Processor         ; % Time Used ;
;     Processor 1            ; 100.0%      ;
+----------------------------+-------------+


+--------------------------------------------------------------------+
; Parameter Settings for User Entity Instance: vgaController:vgaCont ;
+----------------+------------+--------------------------------------+
; Parameter Name ; Value      ; Type                                 ;
+----------------+------------+--------------------------------------+
; HACTIVE        ; 1010000000 ; Unsigned Binary                      ;
; HFP            ; 0000010000 ; Unsigned Binary                      ;
; HSYN           ; 0001100000 ; Unsigned Binary                      ;
; HBP            ; 0000110000 ; Unsigned Binary                      ;
; HMAX           ; 1100100000 ; Unsigned Binary                      ;
; VBP            ; 0000100001 ; Unsigned Binary                      ;
; VACTIVE        ; 0111100000 ; Unsigned Binary                      ;
; VFP            ; 0000001010 ; Unsigned Binary                      ;
; VSYN           ; 0000000010 ; Unsigned Binary                      ;
; VMAX           ; 1000001101 ; Unsigned Binary                      ;
+----------------+------------+--------------------------------------+
Note: In order to hide this table in the UI and the text report file, please set the "Show Parameter Settings in Synthesis Report" option in "Analysis and Synthesis Settings -> More Settings" to "Off".


+-----------------------------------------------------------------------------------------------------------------------------+
; Analysis & Elaboration Settings                                                                                             ;
+---------------------------------------------------------------------------------+----------------------+--------------------+
; Option                                                                          ; Setting              ; Default Value      ;
+---------------------------------------------------------------------------------+----------------------+--------------------+
; Device                                                                          ; 5CSXFC6D6F31C6       ;                    ;
; Top-level entity name                                                           ; toplevel_tic_tac_toe ; VGA                ;
; Family name                                                                     ; Cyclone V            ; Cyclone V          ;
; Use smart compilation                                                           ; Off                  ; Off                ;
; Enable parallel Assembler and Timing Analyzer during compilation                ; On                   ; On                 ;
; Enable compact report table                                                     ; Off                  ; Off                ;
; Restructure Multiplexers                                                        ; Auto                 ; Auto               ;
; MLAB Add Timing Constraints For Mixed-Port Feed-Through Mode Setting Don't Care ; Off                  ; Off                ;
; Create Debugging Nodes for IP Cores                                             ; Off                  ; Off                ;
; Preserve fewer node names                                                       ; On                   ; On                 ;
; Intel FPGA IP Evaluation Mode                                                   ; Enable               ; Enable             ;
; Verilog Version                                                                 ; Verilog_2001         ; Verilog_2001       ;
; VHDL Version                                                                    ; VHDL_1993            ; VHDL_1993          ;
; State Machine Processing                                                        ; Auto                 ; Auto               ;
; Safe State Machine                                                              ; Off                  ; Off                ;
; Extract Verilog State Machines                                                  ; On                   ; On                 ;
; Extract VHDL State Machines                                                     ; On                   ; On                 ;
; Ignore Verilog initial constructs                                               ; Off                  ; Off                ;
; Iteration limit for constant Verilog loops                                      ; 5000                 ; 5000               ;
; Iteration limit for non-constant Verilog loops                                  ; 250                  ; 250                ;
; Add Pass-Through Logic to Inferred RAMs                                         ; On                   ; On                 ;
; Infer RAMs from Raw Logic                                                       ; On                   ; On                 ;
; Parallel Synthesis                                                              ; On                   ; On                 ;
; DSP Block Balancing                                                             ; Auto                 ; Auto               ;
; NOT Gate Push-Back                                                              ; On                   ; On                 ;
; Power-Up Don't Care                                                             ; On                   ; On                 ;
; Remove Redundant Logic Cells                                                    ; Off                  ; Off                ;
; Remove Duplicate Registers                                                      ; On                   ; On                 ;
; Ignore CARRY Buffers                                                            ; Off                  ; Off                ;
; Ignore CASCADE Buffers                                                          ; Off                  ; Off                ;
; Ignore GLOBAL Buffers                                                           ; Off                  ; Off                ;
; Ignore ROW GLOBAL Buffers                                                       ; Off                  ; Off                ;
; Ignore LCELL Buffers                                                            ; Off                  ; Off                ;
; Ignore SOFT Buffers                                                             ; On                   ; On                 ;
; Limit AHDL Integers to 32 Bits                                                  ; Off                  ; Off                ;
; Optimization Technique                                                          ; Balanced             ; Balanced           ;
; Carry Chain Length                                                              ; 70                   ; 70                 ;
; Auto Carry Chains                                                               ; On                   ; On                 ;
; Auto Open-Drain Pins                                                            ; On                   ; On                 ;
; Perform WYSIWYG Primitive Resynthesis                                           ; Off                  ; Off                ;
; Auto ROM Replacement                                                            ; On                   ; On                 ;
; Auto RAM Replacement                                                            ; On                   ; On                 ;
; Auto DSP Block Replacement                                                      ; On                   ; On                 ;
; Auto Shift Register Replacement                                                 ; Auto                 ; Auto               ;
; Allow Shift Register Merging across Hierarchies                                 ; Auto                 ; Auto               ;
; Auto Clock Enable Replacement                                                   ; On                   ; On                 ;
; Strict RAM Replacement                                                          ; Off                  ; Off                ;
; Allow Synchronous Control Signals                                               ; On                   ; On                 ;
; Force Use of Synchronous Clear Signals                                          ; Off                  ; Off                ;
; Auto Resource Sharing                                                           ; Off                  ; Off                ;
; Allow Any RAM Size For Recognition                                              ; Off                  ; Off                ;
; Allow Any ROM Size For Recognition                                              ; Off                  ; Off                ;
; Allow Any Shift Register Size For Recognition                                   ; Off                  ; Off                ;
; Use LogicLock Constraints during Resource Balancing                             ; On                   ; On                 ;
; Ignore translate_off and synthesis_off directives                               ; Off                  ; Off                ;
; Timing-Driven Synthesis                                                         ; On                   ; On                 ;
; Report Parameter Settings                                                       ; On                   ; On                 ;
; Report Source Assignments                                                       ; On                   ; On                 ;
; Report Connectivity Checks                                                      ; On                   ; On                 ;
; Ignore Maximum Fan-Out Assignments                                              ; Off                  ; Off                ;
; Synchronization Register Chain Length                                           ; 3                    ; 3                  ;
; Power Optimization During Synthesis                                             ; Normal compilation   ; Normal compilation ;
; HDL message level                                                               ; Level2               ; Level2             ;
; Suppress Register Optimization Related Messages                                 ; Off                  ; Off                ;
; Number of Removed Registers Reported in Synthesis Report                        ; 5000                 ; 5000               ;
; Number of Swept Nodes Reported in Synthesis Report                              ; 5000                 ; 5000               ;
; Number of Inverted Registers Reported in Synthesis Report                       ; 100                  ; 100                ;
; Clock MUX Protection                                                            ; On                   ; On                 ;
; Auto Gated Clock Conversion                                                     ; Off                  ; Off                ;
; Block Design Naming                                                             ; Auto                 ; Auto               ;
; SDC constraint protection                                                       ; Off                  ; Off                ;
; Synthesis Effort                                                                ; Auto                 ; Auto               ;
; Shift Register Replacement - Allow Asynchronous Clear Signal                    ; On                   ; On                 ;
; Pre-Mapping Resynthesis Optimization                                            ; Off                  ; Off                ;
; Analysis & Synthesis Message Level                                              ; Medium               ; Medium             ;
; Disable Register Merging Across Hierarchies                                     ; Auto                 ; Auto               ;
; Resource Aware Inference For Block RAM                                          ; On                   ; On                 ;
; Automatic Parallel Synthesis                                                    ; On                   ; On                 ;
; Partial Reconfiguration Bitstream ID                                            ; Off                  ; Off                ;
+---------------------------------------------------------------------------------+----------------------+--------------------+


+-------------------------------------------------------------------------------------------------------------------------+
; Port Connectivity Checks: "Button_debounce:debounce_B"                                                                  ;
+---------------+--------+----------+-------------------------------------------------------------------------------------+
; Port          ; Type   ; Severity ; Details                                                                             ;
+---------------+--------+----------+-------------------------------------------------------------------------------------+
; button_stable ; Output ; Info     ; Connected to dangling logic. Logic that only feeds a dangling port will be removed. ;
+---------------+--------+----------+-------------------------------------------------------------------------------------+


+-------------------------------------------------------------------------------------------------------------------------+
; Port Connectivity Checks: "Button_debounce:debounce_I"                                                                  ;
+---------------+--------+----------+-------------------------------------------------------------------------------------+
; Port          ; Type   ; Severity ; Details                                                                             ;
+---------------+--------+----------+-------------------------------------------------------------------------------------+
; button_stable ; Output ; Info     ; Connected to dangling logic. Logic that only feeds a dangling port will be removed. ;
+---------------+--------+----------+-------------------------------------------------------------------------------------+


+-------------------------------------------------------------------------------------------------------------------------------------------------------------------------+
; Port Connectivity Checks: "videoGen:vgagen"                                                                                                                             ;
+-------+-------+----------+----------------------------------------------------------------------------------------------------------------------------------------------+
; Port  ; Type  ; Severity ; Details                                                                                                                                      ;
+-------+-------+----------+----------------------------------------------------------------------------------------------------------------------------------------------+
; clk   ; Input ; Warning  ; Declared by entity but not connected by instance. If a default value exists, it will be used.  Otherwise, the port will be connected to GND. ;
; rst_n ; Input ; Warning  ; Declared by entity but not connected by instance. If a default value exists, it will be used.  Otherwise, the port will be connected to GND. ;
+-------+-------+----------+----------------------------------------------------------------------------------------------------------------------------------------------+


+---------------------------------+
; Analysis & Elaboration Messages ;
+---------------------------------+
Info: *******************************************************************
Info: Running Quartus Prime Analysis & Elaboration
    Info: Version 20.1.1 Build 720 11/11/2020 SJ Lite Edition
    Info: Processing started: Mon Sep 30 22:11:02 2024
Info: Command: quartus_map --read_settings_files=on --write_settings_files=off VGA -c VGA --analysis_and_elaboration
Warning (18236): Number of processors has not been specified which may cause overloading on shared machines.  Set the global assignment NUM_PARALLEL_PROCESSORS in your QSF to an appropriate value for best performance.
Info (20030): Parallel compilation is enabled and will use 2 of the 2 processors detected
Info (12021): Found 1 design units, including 1 entities, in source file vgacontroller.sv
    Info (12023): Found entity 1: vgaController File: C:/Users/tenor/OneDrive/Documentos/Lab1_TDD/jtenorio_aflores_klobo_digital_design_lab_2024/Laboratorio_3/VGA/vgaController.sv Line: 7
Info (12021): Found 1 design units, including 1 entities, in source file pll.sv
    Info (12023): Found entity 1: pll File: C:/Users/tenor/OneDrive/Documentos/Lab1_TDD/jtenorio_aflores_klobo_digital_design_lab_2024/Laboratorio_3/VGA/pll.sv Line: 5
Info (12021): Found 1 design units, including 1 entities, in source file videogen.sv
    Info (12023): Found entity 1: videoGen File: C:/Users/tenor/OneDrive/Documentos/Lab1_TDD/jtenorio_aflores_klobo_digital_design_lab_2024/Laboratorio_3/VGA/videoGen.sv Line: 6
Info (12021): Found 1 design units, including 1 entities, in source file tic_tac_toe_fsm.sv
    Info (12023): Found entity 1: tic_tac_toe_fsm File: C:/Users/tenor/OneDrive/Documentos/Lab1_TDD/jtenorio_aflores_klobo_digital_design_lab_2024/Laboratorio_3/VGA/tic_tac_toe_fsm.sv Line: 7
Info (12021): Found 1 design units, including 1 entities, in source file toplevel_tic_tac_toe.sv
    Info (12023): Found entity 1: toplevel_tic_tac_toe File: C:/Users/tenor/OneDrive/Documentos/Lab1_TDD/jtenorio_aflores_klobo_digital_design_lab_2024/Laboratorio_3/VGA/toplevel_tic_tac_toe.sv Line: 6
Info (12021): Found 1 design units, including 1 entities, in source file startscreen.sv
    Info (12023): Found entity 1: startScreen File: C:/Users/tenor/OneDrive/Documentos/Lab1_TDD/jtenorio_aflores_klobo_digital_design_lab_2024/Laboratorio_3/VGA/startScreen.sv Line: 7
Info (12021): Found 1 design units, including 1 entities, in source file matrixtablero.sv
    Info (12023): Found entity 1: matrixTablero File: C:/Users/tenor/OneDrive/Documentos/Lab1_TDD/jtenorio_aflores_klobo_digital_design_lab_2024/Laboratorio_3/VGA/matrixTablero.sv Line: 7
Info (12021): Found 1 design units, including 1 entities, in source file matrixtablerocontrol.sv
    Info (12023): Found entity 1: matrixTableroControl File: C:/Users/tenor/OneDrive/Documentos/Lab1_TDD/jtenorio_aflores_klobo_digital_design_lab_2024/Laboratorio_3/VGA/matrixTableroControl.sv Line: 8
Info (12021): Found 1 design units, including 1 entities, in source file toplevel_tic_tac_toe_tb.sv
    Info (12023): Found entity 1: tic_tac_toe_fsm_tb File: C:/Users/tenor/OneDrive/Documentos/Lab1_TDD/jtenorio_aflores_klobo_digital_design_lab_2024/Laboratorio_3/VGA/toplevel_tic_tac_toe_tb.sv Line: 8
Info (12021): Found 3 design units, including 3 entities, in source file button_debonce.sv
    Info (12023): Found entity 1: Button_debounce File: C:/Users/tenor/OneDrive/Documentos/Lab1_TDD/jtenorio_aflores_klobo_digital_design_lab_2024/Laboratorio_3/VGA/Button_debonce.sv Line: 6
    Info (12023): Found entity 2: Slow_Clock_Enable File: C:/Users/tenor/OneDrive/Documentos/Lab1_TDD/jtenorio_aflores_klobo_digital_design_lab_2024/Laboratorio_3/VGA/Button_debonce.sv Line: 27
    Info (12023): Found entity 3: D_FF_with_Enable File: C:/Users/tenor/OneDrive/Documentos/Lab1_TDD/jtenorio_aflores_klobo_digital_design_lab_2024/Laboratorio_3/VGA/Button_debonce.sv Line: 46
Info (12021): Found 1 design units, including 1 entities, in source file timer.sv
    Info (12023): Found entity 1: Timer File: C:/Users/tenor/OneDrive/Documentos/Lab1_TDD/jtenorio_aflores_klobo_digital_design_lab_2024/Laboratorio_3/VGA/Timer.sv Line: 6
Info (12021): Found 1 design units, including 1 entities, in source file full_timer.sv
    Info (12023): Found entity 1: Full_Timer File: C:/Users/tenor/OneDrive/Documentos/Lab1_TDD/jtenorio_aflores_klobo_digital_design_lab_2024/Laboratorio_3/VGA/Full_Timer.sv Line: 6
Info (12021): Found 1 design units, including 1 entities, in source file bcd_visualizer.sv
    Info (12023): Found entity 1: BCD_Visualizer File: C:/Users/tenor/OneDrive/Documentos/Lab1_TDD/jtenorio_aflores_klobo_digital_design_lab_2024/Laboratorio_3/VGA/BCD_Visualizer.sv Line: 6
Info (12021): Found 1 design units, including 1 entities, in source file gameoverscreen.sv
    Info (12023): Found entity 1: gameOverScreen File: C:/Users/tenor/OneDrive/Documentos/Lab1_TDD/jtenorio_aflores_klobo_digital_design_lab_2024/Laboratorio_3/VGA/gameOverScreen.sv Line: 7
Info (12021): Found 1 design units, including 1 entities, in source file spi_main.sv
    Info (12023): Found entity 1: SPI_main File: C:/Users/tenor/OneDrive/Documentos/Lab1_TDD/jtenorio_aflores_klobo_digital_design_lab_2024/Laboratorio_3/VGA/SPI_main.sv Line: 1
Warning (10236): Verilog HDL Implicit Net warning at toplevel_tic_tac_toe.sv(100): created implicit net for "Idebounced" File: C:/Users/tenor/OneDrive/Documentos/Lab1_TDD/jtenorio_aflores_klobo_digital_design_lab_2024/Laboratorio_3/VGA/toplevel_tic_tac_toe.sv Line: 100
Warning (10236): Verilog HDL Implicit Net warning at toplevel_tic_tac_toe.sv(106): created implicit net for "Bdebounced" File: C:/Users/tenor/OneDrive/Documentos/Lab1_TDD/jtenorio_aflores_klobo_digital_design_lab_2024/Laboratorio_3/VGA/toplevel_tic_tac_toe.sv Line: 106
Warning (10236): Verilog HDL Implicit Net warning at toplevel_tic_tac_toe.sv(112): created implicit net for "Wdebounced" File: C:/Users/tenor/OneDrive/Documentos/Lab1_TDD/jtenorio_aflores_klobo_digital_design_lab_2024/Laboratorio_3/VGA/toplevel_tic_tac_toe.sv Line: 112
Info (12127): Elaborating entity "toplevel_tic_tac_toe" for the top level hierarchy
Info (12128): Elaborating entity "Full_Timer" for hierarchy "Full_Timer:timer_inst" File: C:/Users/tenor/OneDrive/Documentos/Lab1_TDD/jtenorio_aflores_klobo_digital_design_lab_2024/Laboratorio_3/VGA/toplevel_tic_tac_toe.sv Line: 36
Warning (10230): Verilog HDL assignment warning at Full_Timer.sv(38): truncated value with size 32 to match size of target (4) File: C:/Users/tenor/OneDrive/Documentos/Lab1_TDD/jtenorio_aflores_klobo_digital_design_lab_2024/Laboratorio_3/VGA/Full_Timer.sv Line: 38
Info (12128): Elaborating entity "Timer" for hierarchy "Full_Timer:timer_inst|Timer:timer_blocks[0].timer_inst" File: C:/Users/tenor/OneDrive/Documentos/Lab1_TDD/jtenorio_aflores_klobo_digital_design_lab_2024/Laboratorio_3/VGA/Full_Timer.sv Line: 25
Warning (10230): Verilog HDL assignment warning at Timer.sv(22): truncated value with size 32 to match size of target (27) File: C:/Users/tenor/OneDrive/Documentos/Lab1_TDD/jtenorio_aflores_klobo_digital_design_lab_2024/Laboratorio_3/VGA/Timer.sv Line: 22
Info (12128): Elaborating entity "BCD_Visualizer" for hierarchy "BCD_Visualizer:segBCD_inst" File: C:/Users/tenor/OneDrive/Documentos/Lab1_TDD/jtenorio_aflores_klobo_digital_design_lab_2024/Laboratorio_3/VGA/toplevel_tic_tac_toe.sv Line: 43
Info (12128): Elaborating entity "tic_tac_toe_fsm" for hierarchy "tic_tac_toe_fsm:mef" File: C:/Users/tenor/OneDrive/Documentos/Lab1_TDD/jtenorio_aflores_klobo_digital_design_lab_2024/Laboratorio_3/VGA/toplevel_tic_tac_toe.sv Line: 51
Info (10264): Verilog HDL Case Statement information at tic_tac_toe_fsm.sv(35): all case item expressions in this case statement are onehot File: C:/Users/tenor/OneDrive/Documentos/Lab1_TDD/jtenorio_aflores_klobo_digital_design_lab_2024/Laboratorio_3/VGA/tic_tac_toe_fsm.sv Line: 35
Info (10264): Verilog HDL Case Statement information at tic_tac_toe_fsm.sv(115): all case item expressions in this case statement are onehot File: C:/Users/tenor/OneDrive/Documentos/Lab1_TDD/jtenorio_aflores_klobo_digital_design_lab_2024/Laboratorio_3/VGA/tic_tac_toe_fsm.sv Line: 115
Info (12128): Elaborating entity "pll" for hierarchy "pll:vgapll" File: C:/Users/tenor/OneDrive/Documentos/Lab1_TDD/jtenorio_aflores_klobo_digital_design_lab_2024/Laboratorio_3/VGA/toplevel_tic_tac_toe.sv Line: 54
Info (12128): Elaborating entity "vgaController" for hierarchy "vgaController:vgaCont" File: C:/Users/tenor/OneDrive/Documentos/Lab1_TDD/jtenorio_aflores_klobo_digital_design_lab_2024/Laboratorio_3/VGA/toplevel_tic_tac_toe.sv Line: 57
Info (12128): Elaborating entity "gameOverScreen" for hierarchy "gameOverScreen:pantallaFinal" File: C:/Users/tenor/OneDrive/Documentos/Lab1_TDD/jtenorio_aflores_klobo_digital_design_lab_2024/Laboratorio_3/VGA/toplevel_tic_tac_toe.sv Line: 66
Warning (10230): Verilog HDL assignment warning at gameOverScreen.sv(27): truncated value with size 32 to match size of target (11) File: C:/Users/tenor/OneDrive/Documentos/Lab1_TDD/jtenorio_aflores_klobo_digital_design_lab_2024/Laboratorio_3/VGA/gameOverScreen.sv Line: 27
Warning (10230): Verilog HDL assignment warning at gameOverScreen.sv(28): truncated value with size 32 to match size of target (11) File: C:/Users/tenor/OneDrive/Documentos/Lab1_TDD/jtenorio_aflores_klobo_digital_design_lab_2024/Laboratorio_3/VGA/gameOverScreen.sv Line: 28
Warning (10230): Verilog HDL assignment warning at gameOverScreen.sv(29): truncated value with size 32 to match size of target (11) File: C:/Users/tenor/OneDrive/Documentos/Lab1_TDD/jtenorio_aflores_klobo_digital_design_lab_2024/Laboratorio_3/VGA/gameOverScreen.sv Line: 29
Warning (10230): Verilog HDL assignment warning at gameOverScreen.sv(33): truncated value with size 32 to match size of target (11) File: C:/Users/tenor/OneDrive/Documentos/Lab1_TDD/jtenorio_aflores_klobo_digital_design_lab_2024/Laboratorio_3/VGA/gameOverScreen.sv Line: 33
Warning (10230): Verilog HDL assignment warning at gameOverScreen.sv(34): truncated value with size 32 to match size of target (11) File: C:/Users/tenor/OneDrive/Documentos/Lab1_TDD/jtenorio_aflores_klobo_digital_design_lab_2024/Laboratorio_3/VGA/gameOverScreen.sv Line: 34
Warning (10230): Verilog HDL assignment warning at gameOverScreen.sv(35): truncated value with size 32 to match size of target (11) File: C:/Users/tenor/OneDrive/Documentos/Lab1_TDD/jtenorio_aflores_klobo_digital_design_lab_2024/Laboratorio_3/VGA/gameOverScreen.sv Line: 35
Info (12128): Elaborating entity "startScreen" for hierarchy "startScreen:pantallaInicial" File: C:/Users/tenor/OneDrive/Documentos/Lab1_TDD/jtenorio_aflores_klobo_digital_design_lab_2024/Laboratorio_3/VGA/toplevel_tic_tac_toe.sv Line: 75
Warning (10230): Verilog HDL assignment warning at startScreen.sv(26): truncated value with size 32 to match size of target (11) File: C:/Users/tenor/OneDrive/Documentos/Lab1_TDD/jtenorio_aflores_klobo_digital_design_lab_2024/Laboratorio_3/VGA/startScreen.sv Line: 26
Warning (10230): Verilog HDL assignment warning at startScreen.sv(27): truncated value with size 32 to match size of target (11) File: C:/Users/tenor/OneDrive/Documentos/Lab1_TDD/jtenorio_aflores_klobo_digital_design_lab_2024/Laboratorio_3/VGA/startScreen.sv Line: 27
Warning (10230): Verilog HDL assignment warning at startScreen.sv(28): truncated value with size 32 to match size of target (11) File: C:/Users/tenor/OneDrive/Documentos/Lab1_TDD/jtenorio_aflores_klobo_digital_design_lab_2024/Laboratorio_3/VGA/startScreen.sv Line: 28
Warning (10230): Verilog HDL assignment warning at startScreen.sv(29): truncated value with size 32 to match size of target (11) File: C:/Users/tenor/OneDrive/Documentos/Lab1_TDD/jtenorio_aflores_klobo_digital_design_lab_2024/Laboratorio_3/VGA/startScreen.sv Line: 29
Info (12128): Elaborating entity "videoGen" for hierarchy "videoGen:vgagen" File: C:/Users/tenor/OneDrive/Documentos/Lab1_TDD/jtenorio_aflores_klobo_digital_design_lab_2024/Laboratorio_3/VGA/toplevel_tic_tac_toe.sv Line: 87
Info (12128): Elaborating entity "Button_debounce" for hierarchy "Button_debounce:debounce_I" File: C:/Users/tenor/OneDrive/Documentos/Lab1_TDD/jtenorio_aflores_klobo_digital_design_lab_2024/Laboratorio_3/VGA/toplevel_tic_tac_toe.sv Line: 101
Info (12128): Elaborating entity "Slow_Clock_Enable" for hierarchy "Button_debounce:debounce_I|Slow_Clock_Enable:slow_clk_gen" File: C:/Users/tenor/OneDrive/Documentos/Lab1_TDD/jtenorio_aflores_klobo_digital_design_lab_2024/Laboratorio_3/VGA/Button_debonce.sv Line: 14
Warning (10230): Verilog HDL assignment warning at Button_debonce.sv(38): truncated value with size 32 to match size of target (27) File: C:/Users/tenor/OneDrive/Documentos/Lab1_TDD/jtenorio_aflores_klobo_digital_design_lab_2024/Laboratorio_3/VGA/Button_debonce.sv Line: 38
Info (12128): Elaborating entity "D_FF_with_Enable" for hierarchy "Button_debounce:debounce_I|D_FF_with_Enable:dff_0" File: C:/Users/tenor/OneDrive/Documentos/Lab1_TDD/jtenorio_aflores_klobo_digital_design_lab_2024/Laboratorio_3/VGA/Button_debonce.sv Line: 17
Info (12128): Elaborating entity "matrixTableroControl" for hierarchy "matrixTableroControl:u_matrixControl" File: C:/Users/tenor/OneDrive/Documentos/Lab1_TDD/jtenorio_aflores_klobo_digital_design_lab_2024/Laboratorio_3/VGA/toplevel_tic_tac_toe.sv Line: 126
Info (12128): Elaborating entity "matrixTablero" for hierarchy "matrixTablero:u_matrixRegister" File: C:/Users/tenor/OneDrive/Documentos/Lab1_TDD/jtenorio_aflores_klobo_digital_design_lab_2024/Laboratorio_3/VGA/toplevel_tic_tac_toe.sv Line: 135
Warning (12241): 1 hierarchies have connectivity warnings - see the Connectivity Checks report folder
Info (144001): Generated suppressed messages file C:/Users/tenor/OneDrive/Documentos/Lab1_TDD/jtenorio_aflores_klobo_digital_design_lab_2024/Laboratorio_3/VGA/output_files/VGA.map.smsg
Info: Quartus Prime Analysis & Elaboration was successful. 0 errors, 18 warnings
    Info: Peak virtual memory: 4786 megabytes
    Info: Processing ended: Mon Sep 30 22:11:11 2024
    Info: Elapsed time: 00:00:09
    Info: Total CPU time (on all processors): 00:00:15


+--------------------------------------------+
; Analysis & Elaboration Suppressed Messages ;
+--------------------------------------------+
The suppressed messages can be found in C:/Users/tenor/OneDrive/Documentos/Lab1_TDD/jtenorio_aflores_klobo_digital_design_lab_2024/Laboratorio_3/VGA/output_files/VGA.map.smsg.


