------------------------------------------------------------
Timing Analyzer Summary
------------------------------------------------------------

Type  : Slow 1100mV 85C Model Setup 'clk'
Slack : -3.360
TNS   : -235.438

Type  : Slow 1100mV 85C Model Setup 'pll:vgapll|toggle'
Slack : -3.328
TNS   : -77.120

Type  : Slow 1100mV 85C Model Setup 'rst'
Slack : -2.827
TNS   : -23.580

Type  : Slow 1100mV 85C Model Hold 'clk'
Slack : 0.326
TNS   : 0.000

Type  : Slow 1100mV 85C Model Hold 'pll:vgapll|toggle'
Slack : 0.686
TNS   : 0.000

Type  : Slow 1100mV 85C Model Hold 'rst'
Slack : 1.143
TNS   : 0.000

Type  : Slow 1100mV 85C Model Recovery 'clk'
Slack : -2.597
TNS   : -116.294

Type  : Slow 1100mV 85C Model Removal 'clk'
Slack : 0.564
TNS   : 0.000

Type  : Slow 1100mV 85C Model Minimum Pulse Width 'clk'
Slack : -0.403
TNS   : -59.239

Type  : Slow 1100mV 85C Model Minimum Pulse Width 'pll:vgapll|toggle'
Slack : -0.394
TNS   : -12.650

Type  : Slow 1100mV 85C Model Minimum Pulse Width 'rst'
Slack : 0.167
TNS   : 0.000

Type  : Slow 1100mV 0C Model Setup 'pll:vgapll|toggle'
Slack : -3.272
TNS   : -76.498

Type  : Slow 1100mV 0C Model Setup 'clk'
Slack : -3.142
TNS   : -225.136

Type  : Slow 1100mV 0C Model Setup 'rst'
Slack : -2.896
TNS   : -24.579

Type  : Slow 1100mV 0C Model Hold 'clk'
Slack : 0.155
TNS   : 0.000

Type  : Slow 1100mV 0C Model Hold 'pll:vgapll|toggle'
Slack : 0.673
TNS   : 0.000

Type  : Slow 1100mV 0C Model Hold 'rst'
Slack : 1.267
TNS   : 0.000

Type  : Slow 1100mV 0C Model Recovery 'clk'
Slack : -2.299
TNS   : -102.728

Type  : Slow 1100mV 0C Model Removal 'clk'
Slack : 0.384
TNS   : 0.000

Type  : Slow 1100mV 0C Model Minimum Pulse Width 'clk'
Slack : -0.394
TNS   : -63.919

Type  : Slow 1100mV 0C Model Minimum Pulse Width 'pll:vgapll|toggle'
Slack : -0.394
TNS   : -12.575

Type  : Slow 1100mV 0C Model Minimum Pulse Width 'rst'
Slack : 0.149
TNS   : 0.000

Type  : Fast 1100mV 85C Model Setup 'clk'
Slack : -2.501
TNS   : -110.957

Type  : Fast 1100mV 85C Model Setup 'pll:vgapll|toggle'
Slack : -1.519
TNS   : -35.167

Type  : Fast 1100mV 85C Model Setup 'rst'
Slack : -1.140
TNS   : -8.614

Type  : Fast 1100mV 85C Model Hold 'clk'
Slack : 0.179
TNS   : 0.000

Type  : Fast 1100mV 85C Model Hold 'rst'
Slack : 0.331
TNS   : 0.000

Type  : Fast 1100mV 85C Model Hold 'pll:vgapll|toggle'
Slack : 0.361
TNS   : 0.000

Type  : Fast 1100mV 85C Model Recovery 'clk'
Slack : -2.134
TNS   : -79.753

Type  : Fast 1100mV 85C Model Removal 'clk'
Slack : 0.297
TNS   : 0.000

Type  : Fast 1100mV 85C Model Minimum Pulse Width 'clk'
Slack : -0.378
TNS   : -9.913

Type  : Fast 1100mV 85C Model Minimum Pulse Width 'rst'
Slack : -0.050
TNS   : -0.076

Type  : Fast 1100mV 85C Model Minimum Pulse Width 'pll:vgapll|toggle'
Slack : 0.073
TNS   : 0.000

Type  : Fast 1100mV 0C Model Setup 'clk'
Slack : -2.062
TNS   : -93.793

Type  : Fast 1100mV 0C Model Setup 'pll:vgapll|toggle'
Slack : -1.346
TNS   : -31.405

Type  : Fast 1100mV 0C Model Setup 'rst'
Slack : -1.026
TNS   : -7.992

Type  : Fast 1100mV 0C Model Hold 'clk'
Slack : 0.169
TNS   : 0.000

Type  : Fast 1100mV 0C Model Hold 'pll:vgapll|toggle'
Slack : 0.326
TNS   : 0.000

Type  : Fast 1100mV 0C Model Hold 'rst'
Slack : 0.344
TNS   : 0.000

Type  : Fast 1100mV 0C Model Recovery 'clk'
Slack : -1.813
TNS   : -67.914

Type  : Fast 1100mV 0C Model Removal 'clk'
Slack : 0.263
TNS   : 0.000

Type  : Fast 1100mV 0C Model Minimum Pulse Width 'clk'
Slack : -0.367
TNS   : -9.764

Type  : Fast 1100mV 0C Model Minimum Pulse Width 'rst'
Slack : -0.051
TNS   : -0.078

Type  : Fast 1100mV 0C Model Minimum Pulse Width 'pll:vgapll|toggle'
Slack : 0.092
TNS   : 0.000

------------------------------------------------------------
